TAP version 13
not ok 1 - Icecave\Manifold\ConnectionTest::testPlaceholder # TODO Incomplete Test
ok 2 - Icecave\Manifold\Proxy\AbstractProxyTest::testExec
ok 3 - Icecave\Manifold\Proxy\AbstractProxyTest::testPrepare
ok 4 - Icecave\Manifold\Proxy\AbstractProxyTest::testQuery
ok 5 - Icecave\Manifold\Proxy\AbstractProxyTest::testQuote
ok 6 - Icecave\Manifold\Proxy\AbstractProxyTest::testLastInsertId
ok 7 - Icecave\Manifold\Proxy\AbstractProxyTest::testBeginTransaction
ok 8 - Icecave\Manifold\Proxy\AbstractProxyTest::testCommit
ok 9 - Icecave\Manifold\Proxy\AbstractProxyTest::testRollBack
ok 10 - Icecave\Manifold\Proxy\AbstractProxyTest::testInTransaction
ok 11 - Icecave\Manifold\Proxy\AbstractProxyTest::testErrorCode
ok 12 - Icecave\Manifold\Proxy\AbstractProxyTest::testErrorInfo
ok 13 - Icecave\Manifold\Proxy\AbstractProxyTest::testGetAttribute
ok 14 - Icecave\Manifold\Proxy\AbstractProxyTest::testSetAttribute
ok 15 - Icecave\Manifold\Proxy\LazyConnectProxyTest::testConstructorDefaults
ok 16 - Icecave\Manifold\Proxy\LazyConnectProxyTest::testInnerConnection
ok 17 - Icecave\Manifold\Proxy\LazyConnectProxyTest::testIsConnected
ok 18 - Icecave\Manifold\Proxy\LazyConnectProxyTest::testConnect
ok 19 - Icecave\Manifold\Proxy\LazyConnectProxyTest::testGetAttribute
ok 20 - Icecave\Manifold\Proxy\LazyConnectProxyTest::testGetAttributeWhenConnected
ok 21 - Icecave\Manifold\Proxy\LazyConnectProxyTest::testSetAttribute
ok 22 - Icecave\Manifold\Proxy\LazyConnectProxyTest::testSetAttributeBeforeConnected
ok 23 - Icecave\Manifold\Proxy\LazyConnectProxyTest::testSetAttributeWhenConnected
ok 24 - Icecave\Manifold\Proxy\ProxyTest::testInnerConnection
1..24
