TAP version 13
not ok 1 - Icecave\Manifold\Connection\ConnectionFactoryTest::testCreateConnection # TODO Incomplete Test
ok 2 - Icecave\Manifold\PDO\AbstractPDOProxyTest::testExec
ok 3 - Icecave\Manifold\PDO\AbstractPDOProxyTest::testPrepare
ok 4 - Icecave\Manifold\PDO\AbstractPDOProxyTest::testQuery
ok 5 - Icecave\Manifold\PDO\AbstractPDOProxyTest::testQuote
ok 6 - Icecave\Manifold\PDO\AbstractPDOProxyTest::testLastInsertId
ok 7 - Icecave\Manifold\PDO\AbstractPDOProxyTest::testBeginTransaction
ok 8 - Icecave\Manifold\PDO\AbstractPDOProxyTest::testCommit
ok 9 - Icecave\Manifold\PDO\AbstractPDOProxyTest::testRollBack
ok 10 - Icecave\Manifold\PDO\AbstractPDOProxyTest::testInTransaction
ok 11 - Icecave\Manifold\PDO\AbstractPDOProxyTest::testErrorCode
ok 12 - Icecave\Manifold\PDO\AbstractPDOProxyTest::testErrorInfo
ok 13 - Icecave\Manifold\PDO\AbstractPDOProxyTest::testGetAttribute
ok 14 - Icecave\Manifold\PDO\AbstractPDOProxyTest::testSetAttribute
ok 15 - Icecave\Manifold\PDO\LazyPDOTest::testIsConnected
ok 16 - Icecave\Manifold\PDO\LazyPDOTest::testConnect
ok 17 - Icecave\Manifold\PDO\LazyPDOTest::testGetAttribute
ok 18 - Icecave\Manifold\PDO\LazyPDOTest::testGetAttributeWhenConnected
ok 19 - Icecave\Manifold\PDO\LazyPDOTest::testSetAttribute
ok 20 - Icecave\Manifold\PDO\LazyPDOTest::testSetAttributeBeforeConnected
ok 21 - Icecave\Manifold\PDO\LazyPDOTest::testSetAttributeWhenConnected
ok 22 - Icecave\Manifold\Replication\ReplicationManagerTest::testReplicationTree
ok 23 - Icecave\Manifold\Replication\ReplicationTreeTest::testReplicationRoot
ok 24 - Icecave\Manifold\Replication\ReplicationTreeTest::testHasConnection
ok 25 - Icecave\Manifold\Replication\ReplicationTreeTest::testIsRoot
ok 26 - Icecave\Manifold\Replication\ReplicationTreeTest::testIsRootWithUnknownConnection
ok 27 - Icecave\Manifold\Replication\ReplicationTreeTest::testIsLeaf
ok 28 - Icecave\Manifold\Replication\ReplicationTreeTest::testIsLeafWithUnknownConnection
ok 29 - Icecave\Manifold\Replication\ReplicationTreeTest::testIsMaster
ok 30 - Icecave\Manifold\Replication\ReplicationTreeTest::testIsMasterWithUnknownConnection
ok 31 - Icecave\Manifold\Replication\ReplicationTreeTest::testIsSlave
ok 32 - Icecave\Manifold\Replication\ReplicationTreeTest::testIsSlaveWithUnknownConnection
ok 33 - Icecave\Manifold\Replication\ReplicationTreeTest::testMasterOf
ok 34 - Icecave\Manifold\Replication\ReplicationTreeTest::testMasterOfWithUnknownConnection
ok 35 - Icecave\Manifold\Replication\ReplicationTreeTest::testSlavesOf
ok 36 - Icecave\Manifold\Replication\ReplicationTreeTest::testSlavesOfWithUnknownConncetion
ok 37 - Icecave\Manifold\Replication\ReplicationTreeTest::testIsReplicatingTo
ok 38 - Icecave\Manifold\Replication\ReplicationTreeTest::testIsReplicatingWithUnknownMaster
ok 39 - Icecave\Manifold\Replication\ReplicationTreeTest::testIsReplicatingWithUnknownSlave
ok 40 - Icecave\Manifold\Replication\ReplicationTreeTest::testIsMasterOf
ok 41 - Icecave\Manifold\Replication\ReplicationTreeTest::testIsMasterOfWithUnknownMaster
ok 42 - Icecave\Manifold\Replication\ReplicationTreeTest::testIsMasterOfWithUnknownSlave
ok 43 - Icecave\Manifold\Replication\ReplicationTreeTest::testCountHops
ok 44 - Icecave\Manifold\Replication\ReplicationTreeTest::testCountHopsWithUnknownMaster
ok 45 - Icecave\Manifold\Replication\ReplicationTreeTest::testCountHopsWithUnknownSlave
ok 46 - Icecave\Manifold\Replication\ReplicationTreeTest::testReplicationPath
ok 47 - Icecave\Manifold\Replication\ReplicationTreeTest::testReplicationPathWithUnknownMaster
ok 48 - Icecave\Manifold\Replication\ReplicationTreeTest::testReplicationPathWithUnknownSlave
ok 49 - Icecave\Manifold\Replication\ReplicationTreeTest::testAddSlaveWithUnknownMaster
ok 50 - Icecave\Manifold\Replication\ReplicationTreeTest::testRemoveSlave
ok 51 - Icecave\Manifold\Replication\ReplicationTreeTest::testRemoveSlaveWithReplicationRoot
ok 52 - Icecave\Manifold\Replication\ReplicationTreeTest::testRemoveSlaveWithUnknownSlave
1..52
