TAP version 13
ok 1 - Icecave\Manifold\PDO\AbstractPDOProxyTest::testExec
ok 2 - Icecave\Manifold\PDO\AbstractPDOProxyTest::testPrepare
ok 3 - Icecave\Manifold\PDO\AbstractPDOProxyTest::testQuery
ok 4 - Icecave\Manifold\PDO\AbstractPDOProxyTest::testQuote
ok 5 - Icecave\Manifold\PDO\AbstractPDOProxyTest::testLastInsertId
ok 6 - Icecave\Manifold\PDO\AbstractPDOProxyTest::testBeginTransaction
ok 7 - Icecave\Manifold\PDO\AbstractPDOProxyTest::testCommit
ok 8 - Icecave\Manifold\PDO\AbstractPDOProxyTest::testRollBack
ok 9 - Icecave\Manifold\PDO\AbstractPDOProxyTest::testInTransaction
ok 10 - Icecave\Manifold\PDO\AbstractPDOProxyTest::testErrorCode
ok 11 - Icecave\Manifold\PDO\AbstractPDOProxyTest::testErrorInfo
ok 12 - Icecave\Manifold\PDO\AbstractPDOProxyTest::testGetAttribute
ok 13 - Icecave\Manifold\PDO\AbstractPDOProxyTest::testSetAttribute
ok 14 - Icecave\Manifold\PDO\LazyPDOTest::testIsConnected
ok 15 - Icecave\Manifold\PDO\LazyPDOTest::testConnect
ok 16 - Icecave\Manifold\PDO\LazyPDOTest::testGetAttribute
ok 17 - Icecave\Manifold\PDO\LazyPDOTest::testGetAttributeWhenConnected
ok 18 - Icecave\Manifold\PDO\LazyPDOTest::testSetAttribute
ok 19 - Icecave\Manifold\PDO\LazyPDOTest::testSetAttributeBeforeConnected
ok 20 - Icecave\Manifold\PDO\LazyPDOTest::testSetAttributeWhenConnected
1..20
